I'm sorry, but errors were detected in your script. Please correct the
errors listed below, and try again.


File "game/script.rpy", line 114: expected statement.
    else:
        ^

Ren'Py Version: Ren'Py 8.3.2.24090902
Thu Dec 19 18:04:55 2024
